1

e
##
f
####
**33
##
h

#
now we test extra #endif commands

n

o